// Jest Snapshot v1, https://goo.gl/fbAQLP

exports[`<MessageList/> 1`] = `<div />`;
