// Jest Snapshot v1, https://goo.gl/fbAQLP

exports[`<Message/> 1`] = `<div />`;
